0 1 1 1 2 2 2 3 3 3 3 3 3 4 4 4 4 4 4 5 5 5 6 6 6 12 23 23 34 36 36 41 41 42 42 42 42 52 52 53 56 63 64 64 345 